Renesas Optimizing Linker (W3.05.00 )             30-Sep-2024 10:36:05

*** Options ***

-subcommand=DefaultBuild\ADC_BAG.clnk
-Input=DefaultBuild\cstart.obj
-Input=DefaultBuild\stkinit.obj
-Input=DefaultBuild\r_main.obj
-Input=DefaultBuild\r_systeminit.obj
-Input=DefaultBuild\r_cg_cgc.obj
-Input=DefaultBuild\r_cg_cgc_user.obj
-Input=DefaultBuild\r_cg_adc.obj
-Input=DefaultBuild\r_cg_adc_user.obj
-SECURITY_ID=00000000000000000000
-DEVICE=C:\Program Files (x86)\Renesas Electronics\CS+\CC\Device\RL78\Devicefile\DR5F10BAG.DVF
-DEBug
-NOCOmpress
-NOOPtimize
-OUtput=DefaultBuild\ADC_BAG.abs
-LIBrary=C:\Program Files (x86)\Renesas Electronics\CS+\CC\CC-RL\V1.12.01\lib\rl78em4s.lib
-LIBrary=C:\Program Files (x86)\Renesas Electronics\CS+\CC\CC-RL\V1.12.01\lib\malloc_n.lib
-LIBrary=C:\Program Files (x86)\Renesas Electronics\CS+\CC\CC-RL\V1.12.01\lib\rl78em4r.lib
-OCDBG=84
-DEBUG_MONITOR=1FE00-1FFFF
-USER_OPT_BYTE=E9FFF8
-OCDTR
-LISt=DefaultBuild\ADC_BAG.map
-AUTO_SECTION_LAYOUT
-ROm=.data=.dataR
-ROm=.sdata=.sdataR
-NOMessage
-MEMory=High
-NOLOgo
-end

*** Error information ***

*** Mapping List ***

SECTION                            START      END         SIZE   ALIGN
.vect
                                  00000000  0000007f        80   0
.constf
                                  00000080  00000080         0   2
.init_array
                                  00000080  00000080         0   2
.data
                                  00000080  00000080         0   2
.sdata
                                  00000080  00000080         0   2
.option_byte
                                  000000c0  000000c3         4   1
.security_id
                                  000000c4  000000cd         a   1
.RLIB
                                  000000c4  000000c4         0   1
.SLIB
                                  000000c4  000000c4         0   1
.monitor1
                                  000000ce  000000d7         a   1
.text
                                  000000d8  0000014c        75   1
.textf
                                  0000014d  00000280       134   1
.const
                                  00002000  00002000         0   2
.monitor2
                                  0001fe00  0001ffff       200   1
.dataR
                                  000fdf00  000fdf00         0   2
.bss
                                  000fe500  000fe501         2   2
.sbss
                                  000ffe20  000ffe20         0   2
.sdataR
                                  000ffe20  000ffe20         0   2
